exports[`additionalData option > should use same EOL on all os ('dart-sass', 'modern' API, 'sass' syntax) 1`] = `
"a {\\n  color: hotpink;\\n}\\n\\nbody {\\n  color: hotpink;\\n}"
`;

exports[`additionalData option > should use same EOL on all os ('dart-sass', 'modern' API, 'sass' syntax) 2`] = `
[]
`;

exports[`additionalData option > should use same EOL on all os ('dart-sass', 'modern' API, 'sass' syntax) 3`] = `
[]
`;

exports[`additionalData option > should use same EOL on all os ('dart-sass', 'modern' API, 'scss' syntax) 1`] = `
"a {\\n  color: red;\\n}\\n\\nbody {\\n  color: hotpink;\\n}"
`;

exports[`additionalData option > should use same EOL on all os ('dart-sass', 'modern' API, 'scss' syntax) 2`] = `
[]
`;

exports[`additionalData option > should use same EOL on all os ('dart-sass', 'modern' API, 'scss' syntax) 3`] = `
[]
`;

exports[`additionalData option > should use same EOL on all os ('dart-sass', 'modern-compiler' API, 'sass' syntax) 1`] = `
"a {\\n  color: hotpink;\\n}\\n\\nbody {\\n  color: hotpink;\\n}"
`;

exports[`additionalData option > should use same EOL on all os ('dart-sass', 'modern-compiler' API, 'sass' syntax) 2`] = `
[]
`;

exports[`additionalData option > should use same EOL on all os ('dart-sass', 'modern-compiler' API, 'sass' syntax) 3`] = `
[]
`;

exports[`additionalData option > should use same EOL on all os ('dart-sass', 'modern-compiler' API, 'scss' syntax) 1`] = `
"a {\\n  color: red;\\n}\\n\\nbody {\\n  color: hotpink;\\n}"
`;

exports[`additionalData option > should use same EOL on all os ('dart-sass', 'modern-compiler' API, 'scss' syntax) 2`] = `
[]
`;

exports[`additionalData option > should use same EOL on all os ('dart-sass', 'modern-compiler' API, 'scss' syntax) 3`] = `
[]
`;

exports[`additionalData option > should use same EOL on all os ('sass-embedded', 'modern' API, 'sass' syntax) 1`] = `
"a {\\n  color: hotpink;\\n}\\n\\nbody {\\n  color: hotpink;\\n}"
`;

exports[`additionalData option > should use same EOL on all os ('sass-embedded', 'modern' API, 'sass' syntax) 2`] = `
[]
`;

exports[`additionalData option > should use same EOL on all os ('sass-embedded', 'modern' API, 'sass' syntax) 3`] = `
[]
`;

exports[`additionalData option > should use same EOL on all os ('sass-embedded', 'modern' API, 'scss' syntax) 1`] = `
"a {\\n  color: red;\\n}\\n\\nbody {\\n  color: hotpink;\\n}"
`;

exports[`additionalData option > should use same EOL on all os ('sass-embedded', 'modern' API, 'scss' syntax) 2`] = `
[]
`;

exports[`additionalData option > should use same EOL on all os ('sass-embedded', 'modern' API, 'scss' syntax) 3`] = `
[]
`;

exports[`additionalData option > should use same EOL on all os ('sass-embedded', 'modern-compiler' API, 'sass' syntax) 1`] = `
"a {\\n  color: hotpink;\\n}\\n\\nbody {\\n  color: hotpink;\\n}"
`;

exports[`additionalData option > should use same EOL on all os ('sass-embedded', 'modern-compiler' API, 'sass' syntax) 2`] = `
[]
`;

exports[`additionalData option > should use same EOL on all os ('sass-embedded', 'modern-compiler' API, 'sass' syntax) 3`] = `
[]
`;

exports[`additionalData option > should use same EOL on all os ('sass-embedded', 'modern-compiler' API, 'scss' syntax) 1`] = `
"a {\\n  color: red;\\n}\\n\\nbody {\\n  color: hotpink;\\n}"
`;

exports[`additionalData option > should use same EOL on all os ('sass-embedded', 'modern-compiler' API, 'scss' syntax) 2`] = `
[]
`;

exports[`additionalData option > should use same EOL on all os ('sass-embedded', 'modern-compiler' API, 'scss' syntax) 3`] = `
[]
`;

exports[`additionalData option > should work as a function ('dart-sass', 'modern' API, 'sass' syntax) 1`] = `
"body {\\n  color: hotpink;\\n}"
`;

exports[`additionalData option > should work as a function ('dart-sass', 'modern' API, 'sass' syntax) 2`] = `
[]
`;

exports[`additionalData option > should work as a function ('dart-sass', 'modern' API, 'sass' syntax) 3`] = `
[]
`;

exports[`additionalData option > should work as a function ('dart-sass', 'modern' API, 'scss' syntax) 1`] = `
"body {\\n  color: hotpink;\\n}"
`;

exports[`additionalData option > should work as a function ('dart-sass', 'modern' API, 'scss' syntax) 2`] = `
[]
`;

exports[`additionalData option > should work as a function ('dart-sass', 'modern' API, 'scss' syntax) 3`] = `
[]
`;

exports[`additionalData option > should work as a function ('dart-sass', 'modern-compiler' API, 'sass' syntax) 1`] = `
"body {\\n  color: hotpink;\\n}"
`;

exports[`additionalData option > should work as a function ('dart-sass', 'modern-compiler' API, 'sass' syntax) 2`] = `
[]
`;

exports[`additionalData option > should work as a function ('dart-sass', 'modern-compiler' API, 'sass' syntax) 3`] = `
[]
`;

exports[`additionalData option > should work as a function ('dart-sass', 'modern-compiler' API, 'scss' syntax) 1`] = `
"body {\\n  color: hotpink;\\n}"
`;

exports[`additionalData option > should work as a function ('dart-sass', 'modern-compiler' API, 'scss' syntax) 2`] = `
[]
`;

exports[`additionalData option > should work as a function ('dart-sass', 'modern-compiler' API, 'scss' syntax) 3`] = `
[]
`;

exports[`additionalData option > should work as a function ('sass-embedded', 'modern' API, 'sass' syntax) 1`] = `
"body {\\n  color: hotpink;\\n}"
`;

exports[`additionalData option > should work as a function ('sass-embedded', 'modern' API, 'sass' syntax) 2`] = `
[]
`;

exports[`additionalData option > should work as a function ('sass-embedded', 'modern' API, 'sass' syntax) 3`] = `
[]
`;

exports[`additionalData option > should work as a function ('sass-embedded', 'modern' API, 'scss' syntax) 1`] = `
"body {\\n  color: hotpink;\\n}"
`;

exports[`additionalData option > should work as a function ('sass-embedded', 'modern' API, 'scss' syntax) 2`] = `
[]
`;

exports[`additionalData option > should work as a function ('sass-embedded', 'modern' API, 'scss' syntax) 3`] = `
[]
`;

exports[`additionalData option > should work as a function ('sass-embedded', 'modern-compiler' API, 'sass' syntax) 1`] = `
"body {\\n  color: hotpink;\\n}"
`;

exports[`additionalData option > should work as a function ('sass-embedded', 'modern-compiler' API, 'sass' syntax) 2`] = `
[]
`;

exports[`additionalData option > should work as a function ('sass-embedded', 'modern-compiler' API, 'sass' syntax) 3`] = `
[]
`;

exports[`additionalData option > should work as a function ('sass-embedded', 'modern-compiler' API, 'scss' syntax) 1`] = `
"body {\\n  color: hotpink;\\n}"
`;

exports[`additionalData option > should work as a function ('sass-embedded', 'modern-compiler' API, 'scss' syntax) 2`] = `
[]
`;

exports[`additionalData option > should work as a function ('sass-embedded', 'modern-compiler' API, 'scss' syntax) 3`] = `
[]
`;

exports[`additionalData option > should work as a string ('dart-sass', 'modern' API, 'sass' syntax) 1`] = `
"body {\\n  color: hotpink;\\n}"
`;

exports[`additionalData option > should work as a string ('dart-sass', 'modern' API, 'sass' syntax) 2`] = `
[]
`;

exports[`additionalData option > should work as a string ('dart-sass', 'modern' API, 'sass' syntax) 3`] = `
[]
`;

exports[`additionalData option > should work as a string ('dart-sass', 'modern' API, 'scss' syntax) 1`] = `
"body {\\n  color: hotpink;\\n}"
`;

exports[`additionalData option > should work as a string ('dart-sass', 'modern' API, 'scss' syntax) 2`] = `
[]
`;

exports[`additionalData option > should work as a string ('dart-sass', 'modern' API, 'scss' syntax) 3`] = `
[]
`;

exports[`additionalData option > should work as a string ('dart-sass', 'modern-compiler' API, 'sass' syntax) 1`] = `
"body {\\n  color: hotpink;\\n}"
`;

exports[`additionalData option > should work as a string ('dart-sass', 'modern-compiler' API, 'sass' syntax) 2`] = `
[]
`;

exports[`additionalData option > should work as a string ('dart-sass', 'modern-compiler' API, 'sass' syntax) 3`] = `
[]
`;

exports[`additionalData option > should work as a string ('dart-sass', 'modern-compiler' API, 'scss' syntax) 1`] = `
"body {\\n  color: hotpink;\\n}"
`;

exports[`additionalData option > should work as a string ('dart-sass', 'modern-compiler' API, 'scss' syntax) 2`] = `
[]
`;

exports[`additionalData option > should work as a string ('dart-sass', 'modern-compiler' API, 'scss' syntax) 3`] = `
[]
`;

exports[`additionalData option > should work as a string ('sass-embedded', 'modern' API, 'sass' syntax) 1`] = `
"body {\\n  color: hotpink;\\n}"
`;

exports[`additionalData option > should work as a string ('sass-embedded', 'modern' API, 'sass' syntax) 2`] = `
[]
`;

exports[`additionalData option > should work as a string ('sass-embedded', 'modern' API, 'sass' syntax) 3`] = `
[]
`;

exports[`additionalData option > should work as a string ('sass-embedded', 'modern' API, 'scss' syntax) 1`] = `
"body {\\n  color: hotpink;\\n}"
`;

exports[`additionalData option > should work as a string ('sass-embedded', 'modern' API, 'scss' syntax) 2`] = `
[]
`;

exports[`additionalData option > should work as a string ('sass-embedded', 'modern' API, 'scss' syntax) 3`] = `
[]
`;

exports[`additionalData option > should work as a string ('sass-embedded', 'modern-compiler' API, 'sass' syntax) 1`] = `
"body {\\n  color: hotpink;\\n}"
`;

exports[`additionalData option > should work as a string ('sass-embedded', 'modern-compiler' API, 'sass' syntax) 2`] = `
[]
`;

exports[`additionalData option > should work as a string ('sass-embedded', 'modern-compiler' API, 'sass' syntax) 3`] = `
[]
`;

exports[`additionalData option > should work as a string ('sass-embedded', 'modern-compiler' API, 'scss' syntax) 1`] = `
"body {\\n  color: hotpink;\\n}"
`;

exports[`additionalData option > should work as a string ('sass-embedded', 'modern-compiler' API, 'scss' syntax) 2`] = `
[]
`;

exports[`additionalData option > should work as a string ('sass-embedded', 'modern-compiler' API, 'scss' syntax) 3`] = `
[]
`;

exports[`additionalData option > should work as an async function ('dart-sass', 'modern' API, 'sass' syntax) 1`] = `
"body {\\n  color: hotpink;\\n}"
`;

exports[`additionalData option > should work as an async function ('dart-sass', 'modern' API, 'sass' syntax) 2`] = `
[]
`;

exports[`additionalData option > should work as an async function ('dart-sass', 'modern' API, 'sass' syntax) 3`] = `
[]
`;

exports[`additionalData option > should work as an async function ('dart-sass', 'modern' API, 'scss' syntax) 1`] = `
"body {\\n  color: hotpink;\\n}"
`;

exports[`additionalData option > should work as an async function ('dart-sass', 'modern' API, 'scss' syntax) 2`] = `
[]
`;

exports[`additionalData option > should work as an async function ('dart-sass', 'modern' API, 'scss' syntax) 3`] = `
[]
`;

exports[`additionalData option > should work as an async function ('dart-sass', 'modern-compiler' API, 'sass' syntax) 1`] = `
"body {\\n  color: hotpink;\\n}"
`;

exports[`additionalData option > should work as an async function ('dart-sass', 'modern-compiler' API, 'sass' syntax) 2`] = `
[]
`;

exports[`additionalData option > should work as an async function ('dart-sass', 'modern-compiler' API, 'sass' syntax) 3`] = `
[]
`;

exports[`additionalData option > should work as an async function ('dart-sass', 'modern-compiler' API, 'scss' syntax) 1`] = `
"body {\\n  color: hotpink;\\n}"
`;

exports[`additionalData option > should work as an async function ('dart-sass', 'modern-compiler' API, 'scss' syntax) 2`] = `
[]
`;

exports[`additionalData option > should work as an async function ('dart-sass', 'modern-compiler' API, 'scss' syntax) 3`] = `
[]
`;

exports[`additionalData option > should work as an async function ('sass-embedded', 'modern' API, 'sass' syntax) 1`] = `
"body {\\n  color: hotpink;\\n}"
`;

exports[`additionalData option > should work as an async function ('sass-embedded', 'modern' API, 'sass' syntax) 2`] = `
[]
`;

exports[`additionalData option > should work as an async function ('sass-embedded', 'modern' API, 'sass' syntax) 3`] = `
[]
`;

exports[`additionalData option > should work as an async function ('sass-embedded', 'modern' API, 'scss' syntax) 1`] = `
"body {\\n  color: hotpink;\\n}"
`;

exports[`additionalData option > should work as an async function ('sass-embedded', 'modern' API, 'scss' syntax) 2`] = `
[]
`;

exports[`additionalData option > should work as an async function ('sass-embedded', 'modern' API, 'scss' syntax) 3`] = `
[]
`;

exports[`additionalData option > should work as an async function ('sass-embedded', 'modern-compiler' API, 'sass' syntax) 1`] = `
"body {\\n  color: hotpink;\\n}"
`;

exports[`additionalData option > should work as an async function ('sass-embedded', 'modern-compiler' API, 'sass' syntax) 2`] = `
[]
`;

exports[`additionalData option > should work as an async function ('sass-embedded', 'modern-compiler' API, 'sass' syntax) 3`] = `
[]
`;

exports[`additionalData option > should work as an async function ('sass-embedded', 'modern-compiler' API, 'scss' syntax) 1`] = `
"body {\\n  color: hotpink;\\n}"
`;

exports[`additionalData option > should work as an async function ('sass-embedded', 'modern-compiler' API, 'scss' syntax) 2`] = `
[]
`;

exports[`additionalData option > should work as an async function ('sass-embedded', 'modern-compiler' API, 'scss' syntax) 3`] = `
[]
`;
