exports[`loader > should emit good formatted warning ('dart-sass', 'modern' API, 'sass' syntax) 1`] = `
""
`;

exports[`loader > should emit good formatted warning ('dart-sass', 'modern' API, 'sass' syntax) 2`] = `
[
  "ModuleWarning: Module Warning (from ../dist/cjs/index.js):\\nWarning on line 5, column 3 of file:///test/sass/broken.sass:5:3:\\nThis selector doesn't have any properties and won't be rendered.\\n\\n5 |    asdf\\n\\n\\ntest/sass/broken.sass 6:4  root stylesheet\\n"
]
`;

exports[`loader > should emit good formatted warning ('dart-sass', 'modern' API, 'sass' syntax) 3`] = `
[]
`;

exports[`loader > should emit good formatted warning ('dart-sass', 'modern' API, 'sass' syntax) 4`] = `
[]
`;

exports[`loader > should emit good formatted warning ('dart-sass', 'modern-compiler' API, 'sass' syntax) 1`] = `
""
`;

exports[`loader > should emit good formatted warning ('dart-sass', 'modern-compiler' API, 'sass' syntax) 2`] = `
[
  "ModuleWarning: Module Warning (from ../dist/cjs/index.js):\\nWarning on line 5, column 3 of file:///test/sass/broken.sass:5:3:\\nThis selector doesn't have any properties and won't be rendered.\\n\\n5 |    asdf\\n\\n\\ntest/sass/broken.sass 6:4  root stylesheet\\n"
]
`;

exports[`loader > should emit good formatted warning ('dart-sass', 'modern-compiler' API, 'sass' syntax) 3`] = `
[]
`;

exports[`loader > should emit good formatted warning ('dart-sass', 'modern-compiler' API, 'sass' syntax) 4`] = `
[]
`;

exports[`loader > should emit good formatted warning ('sass-embedded', 'modern' API, 'sass' syntax) 1`] = `
""
`;

exports[`loader > should emit good formatted warning ('sass-embedded', 'modern' API, 'sass' syntax) 2`] = `
[
  "ModuleWarning: Module Warning (from ../dist/cjs/index.js):\\nWarning on line 5, column 3 of file:///test/sass/broken.sass:5:3:\\nThis selector doesn't have any properties and won't be rendered.\\n\\n5 |    asdf\\n\\n\\n../../../../test/sass/broken.sass 6:4  root stylesheet\\n"
]
`;

exports[`loader > should emit good formatted warning ('sass-embedded', 'modern' API, 'sass' syntax) 3`] = `
[]
`;

exports[`loader > should emit good formatted warning ('sass-embedded', 'modern' API, 'sass' syntax) 4`] = `
[]
`;

exports[`loader > should emit good formatted warning ('sass-embedded', 'modern-compiler' API, 'sass' syntax) 1`] = `
""
`;

exports[`loader > should emit good formatted warning ('sass-embedded', 'modern-compiler' API, 'sass' syntax) 2`] = `
[
  "ModuleWarning: Module Warning (from ../dist/cjs/index.js):\\nWarning on line 5, column 3 of file:///test/sass/broken.sass:5:3:\\nThis selector doesn't have any properties and won't be rendered.\\n\\n5 |    asdf\\n\\n\\n../../../../test/sass/broken.sass 6:4  root stylesheet\\n"
]
`;

exports[`loader > should emit good formatted warning ('sass-embedded', 'modern-compiler' API, 'sass' syntax) 3`] = `
[]
`;

exports[`loader > should emit good formatted warning ('sass-embedded', 'modern-compiler' API, 'sass' syntax) 4`] = `
[]
`;

exports[`loader > should emit warning by default ('dart-sass', 'modern' API, 'sass' syntax) 1`] = `
"a {\\n  color: red;\\n}"
`;

exports[`loader > should emit warning by default ('dart-sass', 'modern' API, 'sass' syntax) 2`] = `
[
  "ModuleWarning: Module Warning (from ../dist/cjs/index.js):\\nMy warning message"
]
`;

exports[`loader > should emit warning by default ('dart-sass', 'modern' API, 'sass' syntax) 3`] = `
[]
`;

exports[`loader > should emit warning by default ('dart-sass', 'modern' API, 'sass' syntax) 4`] = `
[
  [
    {
      "type": "debug",
      "args": [
        "[debug:0:0] My debug message"
      ]
    }
  ]
]
`;

exports[`loader > should emit warning by default ('dart-sass', 'modern' API, 'scss' syntax) 1`] = `
"a {\\n  color: red;\\n}"
`;

exports[`loader > should emit warning by default ('dart-sass', 'modern' API, 'scss' syntax) 2`] = `
[
  "ModuleWarning: Module Warning (from ../dist/cjs/index.js):\\nMy warning message"
]
`;

exports[`loader > should emit warning by default ('dart-sass', 'modern' API, 'scss' syntax) 3`] = `
[]
`;

exports[`loader > should emit warning by default ('dart-sass', 'modern' API, 'scss' syntax) 4`] = `
[
  [
    {
      "type": "debug",
      "args": [
        "[debug:0:0] My debug message"
      ]
    }
  ]
]
`;

exports[`loader > should emit warning by default ('dart-sass', 'modern-compiler' API, 'sass' syntax) 1`] = `
"a {\\n  color: red;\\n}"
`;

exports[`loader > should emit warning by default ('dart-sass', 'modern-compiler' API, 'sass' syntax) 2`] = `
[
  "ModuleWarning: Module Warning (from ../dist/cjs/index.js):\\nMy warning message"
]
`;

exports[`loader > should emit warning by default ('dart-sass', 'modern-compiler' API, 'sass' syntax) 3`] = `
[]
`;

exports[`loader > should emit warning by default ('dart-sass', 'modern-compiler' API, 'sass' syntax) 4`] = `
[
  [
    {
      "type": "debug",
      "args": [
        "[debug:0:0] My debug message"
      ]
    }
  ]
]
`;

exports[`loader > should emit warning by default ('dart-sass', 'modern-compiler' API, 'scss' syntax) 1`] = `
"a {\\n  color: red;\\n}"
`;

exports[`loader > should emit warning by default ('dart-sass', 'modern-compiler' API, 'scss' syntax) 2`] = `
[
  "ModuleWarning: Module Warning (from ../dist/cjs/index.js):\\nMy warning message"
]
`;

exports[`loader > should emit warning by default ('dart-sass', 'modern-compiler' API, 'scss' syntax) 3`] = `
[]
`;

exports[`loader > should emit warning by default ('dart-sass', 'modern-compiler' API, 'scss' syntax) 4`] = `
[
  [
    {
      "type": "debug",
      "args": [
        "[debug:0:0] My debug message"
      ]
    }
  ]
]
`;

exports[`loader > should emit warning by default ('sass-embedded', 'modern' API, 'sass' syntax) 1`] = `
"a {\\n  color: red;\\n}"
`;

exports[`loader > should emit warning by default ('sass-embedded', 'modern' API, 'sass' syntax) 2`] = `
[
  "ModuleWarning: Module Warning (from ../dist/cjs/index.js):\\nMy warning message"
]
`;

exports[`loader > should emit warning by default ('sass-embedded', 'modern' API, 'sass' syntax) 3`] = `
[]
`;

exports[`loader > should emit warning by default ('sass-embedded', 'modern' API, 'sass' syntax) 4`] = `
[
  [
    {
      "type": "debug",
      "args": [
        "[debug:0:0] My debug message"
      ]
    }
  ]
]
`;

exports[`loader > should emit warning by default ('sass-embedded', 'modern' API, 'scss' syntax) 1`] = `
"a {\\n  color: red;\\n}"
`;

exports[`loader > should emit warning by default ('sass-embedded', 'modern' API, 'scss' syntax) 2`] = `
[
  "ModuleWarning: Module Warning (from ../dist/cjs/index.js):\\nMy warning message"
]
`;

exports[`loader > should emit warning by default ('sass-embedded', 'modern' API, 'scss' syntax) 3`] = `
[]
`;

exports[`loader > should emit warning by default ('sass-embedded', 'modern' API, 'scss' syntax) 4`] = `
[
  [
    {
      "type": "debug",
      "args": [
        "[debug:0:0] My debug message"
      ]
    }
  ]
]
`;

exports[`loader > should emit warning by default ('sass-embedded', 'modern-compiler' API, 'sass' syntax) 1`] = `
"a {\\n  color: red;\\n}"
`;

exports[`loader > should emit warning by default ('sass-embedded', 'modern-compiler' API, 'sass' syntax) 2`] = `
[
  "ModuleWarning: Module Warning (from ../dist/cjs/index.js):\\nMy warning message"
]
`;

exports[`loader > should emit warning by default ('sass-embedded', 'modern-compiler' API, 'sass' syntax) 3`] = `
[]
`;

exports[`loader > should emit warning by default ('sass-embedded', 'modern-compiler' API, 'sass' syntax) 4`] = `
[
  [
    {
      "type": "debug",
      "args": [
        "[debug:0:0] My debug message"
      ]
    }
  ]
]
`;

exports[`loader > should emit warning by default ('sass-embedded', 'modern-compiler' API, 'scss' syntax) 1`] = `
"a {\\n  color: red;\\n}"
`;

exports[`loader > should emit warning by default ('sass-embedded', 'modern-compiler' API, 'scss' syntax) 2`] = `
[
  "ModuleWarning: Module Warning (from ../dist/cjs/index.js):\\nMy warning message"
]
`;

exports[`loader > should emit warning by default ('sass-embedded', 'modern-compiler' API, 'scss' syntax) 3`] = `
[]
`;

exports[`loader > should emit warning by default ('sass-embedded', 'modern-compiler' API, 'scss' syntax) 4`] = `
[
  [
    {
      "type": "debug",
      "args": [
        "[debug:0:0] My debug message"
      ]
    }
  ]
]
`;

exports[`loader > should emit warning when 'true' used ('dart-sass', 'modern' API, 'sass' syntax) 1`] = `
"a {\\n  color: red;\\n}"
`;

exports[`loader > should emit warning when 'true' used ('dart-sass', 'modern' API, 'sass' syntax) 2`] = `
[
  "ModuleWarning: Module Warning (from ../dist/cjs/index.js):\\nMy warning message"
]
`;

exports[`loader > should emit warning when 'true' used ('dart-sass', 'modern' API, 'sass' syntax) 3`] = `
[]
`;

exports[`loader > should emit warning when 'true' used ('dart-sass', 'modern' API, 'sass' syntax) 4`] = `
[
  [
    {
      "type": "debug",
      "args": [
        "[debug:0:0] My debug message"
      ]
    }
  ]
]
`;

exports[`loader > should emit warning when 'true' used ('dart-sass', 'modern' API, 'scss' syntax) 1`] = `
"a {\\n  color: red;\\n}"
`;

exports[`loader > should emit warning when 'true' used ('dart-sass', 'modern' API, 'scss' syntax) 2`] = `
[
  "ModuleWarning: Module Warning (from ../dist/cjs/index.js):\\nMy warning message"
]
`;

exports[`loader > should emit warning when 'true' used ('dart-sass', 'modern' API, 'scss' syntax) 3`] = `
[]
`;

exports[`loader > should emit warning when 'true' used ('dart-sass', 'modern' API, 'scss' syntax) 4`] = `
[
  [
    {
      "type": "debug",
      "args": [
        "[debug:0:0] My debug message"
      ]
    }
  ]
]
`;

exports[`loader > should emit warning when 'true' used ('dart-sass', 'modern-compiler' API, 'sass' syntax) 1`] = `
"a {\\n  color: red;\\n}"
`;

exports[`loader > should emit warning when 'true' used ('dart-sass', 'modern-compiler' API, 'sass' syntax) 2`] = `
[
  "ModuleWarning: Module Warning (from ../dist/cjs/index.js):\\nMy warning message"
]
`;

exports[`loader > should emit warning when 'true' used ('dart-sass', 'modern-compiler' API, 'sass' syntax) 3`] = `
[]
`;

exports[`loader > should emit warning when 'true' used ('dart-sass', 'modern-compiler' API, 'sass' syntax) 4`] = `
[
  [
    {
      "type": "debug",
      "args": [
        "[debug:0:0] My debug message"
      ]
    }
  ]
]
`;

exports[`loader > should emit warning when 'true' used ('dart-sass', 'modern-compiler' API, 'scss' syntax) 1`] = `
"a {\\n  color: red;\\n}"
`;

exports[`loader > should emit warning when 'true' used ('dart-sass', 'modern-compiler' API, 'scss' syntax) 2`] = `
[
  "ModuleWarning: Module Warning (from ../dist/cjs/index.js):\\nMy warning message"
]
`;

exports[`loader > should emit warning when 'true' used ('dart-sass', 'modern-compiler' API, 'scss' syntax) 3`] = `
[]
`;

exports[`loader > should emit warning when 'true' used ('dart-sass', 'modern-compiler' API, 'scss' syntax) 4`] = `
[
  [
    {
      "type": "debug",
      "args": [
        "[debug:0:0] My debug message"
      ]
    }
  ]
]
`;

exports[`loader > should emit warning when 'true' used ('sass-embedded', 'modern' API, 'sass' syntax) 1`] = `
"a {\\n  color: red;\\n}"
`;

exports[`loader > should emit warning when 'true' used ('sass-embedded', 'modern' API, 'sass' syntax) 2`] = `
[
  "ModuleWarning: Module Warning (from ../dist/cjs/index.js):\\nMy warning message"
]
`;

exports[`loader > should emit warning when 'true' used ('sass-embedded', 'modern' API, 'sass' syntax) 3`] = `
[]
`;

exports[`loader > should emit warning when 'true' used ('sass-embedded', 'modern' API, 'sass' syntax) 4`] = `
[
  [
    {
      "type": "debug",
      "args": [
        "[debug:0:0] My debug message"
      ]
    }
  ]
]
`;

exports[`loader > should emit warning when 'true' used ('sass-embedded', 'modern' API, 'scss' syntax) 1`] = `
"a {\\n  color: red;\\n}"
`;

exports[`loader > should emit warning when 'true' used ('sass-embedded', 'modern' API, 'scss' syntax) 2`] = `
[
  "ModuleWarning: Module Warning (from ../dist/cjs/index.js):\\nMy warning message"
]
`;

exports[`loader > should emit warning when 'true' used ('sass-embedded', 'modern' API, 'scss' syntax) 3`] = `
[]
`;

exports[`loader > should emit warning when 'true' used ('sass-embedded', 'modern' API, 'scss' syntax) 4`] = `
[
  [
    {
      "type": "debug",
      "args": [
        "[debug:0:0] My debug message"
      ]
    }
  ]
]
`;

exports[`loader > should emit warning when 'true' used ('sass-embedded', 'modern-compiler' API, 'sass' syntax) 1`] = `
"a {\\n  color: red;\\n}"
`;

exports[`loader > should emit warning when 'true' used ('sass-embedded', 'modern-compiler' API, 'sass' syntax) 2`] = `
[
  "ModuleWarning: Module Warning (from ../dist/cjs/index.js):\\nMy warning message"
]
`;

exports[`loader > should emit warning when 'true' used ('sass-embedded', 'modern-compiler' API, 'sass' syntax) 3`] = `
[]
`;

exports[`loader > should emit warning when 'true' used ('sass-embedded', 'modern-compiler' API, 'sass' syntax) 4`] = `
[
  [
    {
      "type": "debug",
      "args": [
        "[debug:0:0] My debug message"
      ]
    }
  ]
]
`;

exports[`loader > should emit warning when 'true' used ('sass-embedded', 'modern-compiler' API, 'scss' syntax) 1`] = `
"a {\\n  color: red;\\n}"
`;

exports[`loader > should emit warning when 'true' used ('sass-embedded', 'modern-compiler' API, 'scss' syntax) 2`] = `
[
  "ModuleWarning: Module Warning (from ../dist/cjs/index.js):\\nMy warning message"
]
`;

exports[`loader > should emit warning when 'true' used ('sass-embedded', 'modern-compiler' API, 'scss' syntax) 3`] = `
[]
`;

exports[`loader > should emit warning when 'true' used ('sass-embedded', 'modern-compiler' API, 'scss' syntax) 4`] = `
[
  [
    {
      "type": "debug",
      "args": [
        "[debug:0:0] My debug message"
      ]
    }
  ]
]
`;

exports[`loader > should not emit warning when 'false' used ('dart-sass', 'modern' API, 'sass' syntax) 1`] = `
"a {\\n  color: red;\\n}"
`;

exports[`loader > should not emit warning when 'false' used ('dart-sass', 'modern' API, 'sass' syntax) 2`] = `
[]
`;

exports[`loader > should not emit warning when 'false' used ('dart-sass', 'modern' API, 'sass' syntax) 3`] = `
[]
`;

exports[`loader > should not emit warning when 'false' used ('dart-sass', 'modern' API, 'sass' syntax) 4`] = `
[
  [
    {
      "type": "debug",
      "args": [
        "[debug:0:0] My debug message"
      ]
    },
    {
      "type": "warn",
      "args": [
        "My warning message\\n\\ntest/sass/logging.sass 2:1  root stylesheet\\n"
      ]
    }
  ]
]
`;

exports[`loader > should not emit warning when 'false' used ('dart-sass', 'modern' API, 'scss' syntax) 1`] = `
"a {\\n  color: red;\\n}"
`;

exports[`loader > should not emit warning when 'false' used ('dart-sass', 'modern' API, 'scss' syntax) 2`] = `
[]
`;

exports[`loader > should not emit warning when 'false' used ('dart-sass', 'modern' API, 'scss' syntax) 3`] = `
[]
`;

exports[`loader > should not emit warning when 'false' used ('dart-sass', 'modern' API, 'scss' syntax) 4`] = `
[
  [
    {
      "type": "debug",
      "args": [
        "[debug:0:0] My debug message"
      ]
    },
    {
      "type": "warn",
      "args": [
        "My warning message\\n\\ntest/scss/logging.scss 2:1  root stylesheet\\n"
      ]
    }
  ]
]
`;

exports[`loader > should not emit warning when 'false' used ('dart-sass', 'modern-compiler' API, 'sass' syntax) 1`] = `
"a {\\n  color: red;\\n}"
`;

exports[`loader > should not emit warning when 'false' used ('dart-sass', 'modern-compiler' API, 'sass' syntax) 2`] = `
[]
`;

exports[`loader > should not emit warning when 'false' used ('dart-sass', 'modern-compiler' API, 'sass' syntax) 3`] = `
[]
`;

exports[`loader > should not emit warning when 'false' used ('dart-sass', 'modern-compiler' API, 'sass' syntax) 4`] = `
[
  [
    {
      "type": "debug",
      "args": [
        "[debug:0:0] My debug message"
      ]
    },
    {
      "type": "warn",
      "args": [
        "My warning message\\n\\ntest/sass/logging.sass 2:1  root stylesheet\\n"
      ]
    }
  ]
]
`;

exports[`loader > should not emit warning when 'false' used ('dart-sass', 'modern-compiler' API, 'scss' syntax) 1`] = `
"a {\\n  color: red;\\n}"
`;

exports[`loader > should not emit warning when 'false' used ('dart-sass', 'modern-compiler' API, 'scss' syntax) 2`] = `
[]
`;

exports[`loader > should not emit warning when 'false' used ('dart-sass', 'modern-compiler' API, 'scss' syntax) 3`] = `
[]
`;

exports[`loader > should not emit warning when 'false' used ('dart-sass', 'modern-compiler' API, 'scss' syntax) 4`] = `
[
  [
    {
      "type": "debug",
      "args": [
        "[debug:0:0] My debug message"
      ]
    },
    {
      "type": "warn",
      "args": [
        "My warning message\\n\\ntest/scss/logging.scss 2:1  root stylesheet\\n"
      ]
    }
  ]
]
`;

exports[`loader > should not emit warning when 'false' used ('sass-embedded', 'modern' API, 'sass' syntax) 1`] = `
"a {\\n  color: red;\\n}"
`;

exports[`loader > should not emit warning when 'false' used ('sass-embedded', 'modern' API, 'sass' syntax) 2`] = `
[]
`;

exports[`loader > should not emit warning when 'false' used ('sass-embedded', 'modern' API, 'sass' syntax) 3`] = `
[]
`;

exports[`loader > should not emit warning when 'false' used ('sass-embedded', 'modern' API, 'sass' syntax) 4`] = `
[
  [
    {
      "type": "debug",
      "args": [
        "[debug:0:0] My debug message"
      ]
    },
    {
      "type": "warn",
      "args": [
        "My warning message\\n\\n../../../../test/sass/logging.sass 2:1  root stylesheet\\n"
      ]
    }
  ]
]
`;

exports[`loader > should not emit warning when 'false' used ('sass-embedded', 'modern' API, 'scss' syntax) 1`] = `
"a {\\n  color: red;\\n}"
`;

exports[`loader > should not emit warning when 'false' used ('sass-embedded', 'modern' API, 'scss' syntax) 2`] = `
[]
`;

exports[`loader > should not emit warning when 'false' used ('sass-embedded', 'modern' API, 'scss' syntax) 3`] = `
[]
`;

exports[`loader > should not emit warning when 'false' used ('sass-embedded', 'modern' API, 'scss' syntax) 4`] = `
[
  [
    {
      "type": "debug",
      "args": [
        "[debug:0:0] My debug message"
      ]
    },
    {
      "type": "warn",
      "args": [
        "My warning message\\n\\n../../../../test/scss/logging.scss 2:1  root stylesheet\\n"
      ]
    }
  ]
]
`;

exports[`loader > should not emit warning when 'false' used ('sass-embedded', 'modern-compiler' API, 'sass' syntax) 1`] = `
"a {\\n  color: red;\\n}"
`;

exports[`loader > should not emit warning when 'false' used ('sass-embedded', 'modern-compiler' API, 'sass' syntax) 2`] = `
[]
`;

exports[`loader > should not emit warning when 'false' used ('sass-embedded', 'modern-compiler' API, 'sass' syntax) 3`] = `
[]
`;

exports[`loader > should not emit warning when 'false' used ('sass-embedded', 'modern-compiler' API, 'sass' syntax) 4`] = `
[
  [
    {
      "type": "debug",
      "args": [
        "[debug:0:0] My debug message"
      ]
    },
    {
      "type": "warn",
      "args": [
        "My warning message\\n\\n../../../../test/sass/logging.sass 2:1  root stylesheet\\n"
      ]
    }
  ]
]
`;

exports[`loader > should not emit warning when 'false' used ('sass-embedded', 'modern-compiler' API, 'scss' syntax) 1`] = `
"a {\\n  color: red;\\n}"
`;

exports[`loader > should not emit warning when 'false' used ('sass-embedded', 'modern-compiler' API, 'scss' syntax) 2`] = `
[]
`;

exports[`loader > should not emit warning when 'false' used ('sass-embedded', 'modern-compiler' API, 'scss' syntax) 3`] = `
[]
`;

exports[`loader > should not emit warning when 'false' used ('sass-embedded', 'modern-compiler' API, 'scss' syntax) 4`] = `
[
  [
    {
      "type": "debug",
      "args": [
        "[debug:0:0] My debug message"
      ]
    },
    {
      "type": "warn",
      "args": [
        "My warning message\\n\\n../../../../test/scss/logging.scss 2:1  root stylesheet\\n"
      ]
    }
  ]
]
`;
